// Jest Snapshot v1, https://goo.gl/fbAQLP

exports[`Loader matches snapshot 1`] = `
<DocumentFragment>
  <div
    data-testid="box"
    style="display: flex; justify-content: center; align-items: center; height: 100vh;"
  >
    <div
      data-testid="circular-progress"
    />
  </div>
</DocumentFragment>
`;
